▲ Next.js 16.2.6 (Turbopack)
- Environments: .env

  Creating an optimized production build ...
node.exe : 
At line:1 char:1
+ & "C:\Program Files\nodejs/node.exe" "C:\Users\TMCEA\AppData\Roaming\ ...
+ ~~~~~~~~~~~~~~~~~~~~~~~~~~~~~~~~~~~~~~~~~~~~~~~~~~~~~~~~~~~~~~~~~~~~~
    + CategoryInfo          : NotSpecified: (:String) [], RemoteException
    + FullyQualifiedErrorId : NativeCommandError
 
> Build error occurred
Error: Turbopack build failed with 10 errors:
./src/app/api/users/route.ts:1:1
Module not found: Can't resolve '@/actions'
[31m[1m>[0m [90m1 |[0m [36mimport[0m { getUsers } [36mfrom[0m [32m"@/actions"[0m;
  [90m  |[0m [31m[1m^^^^^^^^^^^^^^^^^^^^^^^^^^^^^^^^^^^^^[0m
  [90m2 |[0m [36mimport[0m { [33mNextResponse[0m } [36mfrom[0m [32m"next/server"[0m;
  [90m3 |[0m
  [90m4 |[0m [36mexport[0m [36masync[0m [36mfunction[0m [33mGET[0m() {

Import map: aliased to relative './src/actions' inside of [project]/


https://nextjs.org/docs/messages/module-not-found


./src/app/PredictionDashboard.tsx:46:1
Module not found: Can't resolve '@/hooks/use-chamas'
  [90m44 |[0m [36mimport[0m { useUsers } [36mfrom[0m [32m"@/hooks/use-users"[0m;
  [90m45 |[0m [36mimport[0m { useMarkets } [36mfrom[0m [32m"@/hooks/use-markets"[0m;
[31m[1m>[0m [90m46 |[0m [36mimport[0m { useChamas } [36mfrom[0m [32m"@/hooks/use-chamas"[0m;
  [90m   |[0m [31m[1m^^^^^^^^^^^^^^^^^^^^^^^^^^^^^^^^^^^^^^^^^^^^^^^[0m
  [90m47 |[0m [36mimport[0m { useUserPredictions } [36mfrom[0m [32m"@/hooks/use-user-predictions"[0m;
  [90m48 |[0m [36mimport[0m { useUserTransactions } [36mfrom[0m [32m"@/hooks/use-user-transactions"[0m;
  [90m49 |[0m

Import map: aliased to relative './src/hooks/use-chamas' inside of [project]/


Import trace:
  Server Component:
    ./src/app/PredictionDashboard.tsx
    ./src/app/dashboard/page.tsx

https://nextjs.org/docs/messages/module-not-found


./src/app/PredictionDashboard.tsx:45:1
Module not found: Can't resolve '@/hooks/use-markets'
  [90m43 |[0m [36mimport[0m [33mThemeToggle[0m [36mfrom[0m [32m"@/components/ThemeToggle"[0m;
  [90m44 |[0m [36mimport[0m { useUsers } [36mfrom[0m [32m"@/hooks/use-users"[0m;
[31m[1m>[0m [90m45 |[0m [36mimport[0m { useMarkets } [36mfrom[0m [32m"@/hooks/use-markets"[0m;
  [90m   |[0m [31m[1m^^^^^^^^^^^^^^^^^^^^^^^^^^^^^^^^^^^^^^^^^^^^^^^^^[0m
  [90m46 |[0m [36mimport[0m { useChamas } [36mfrom[0m [32m"@/hooks/use-chamas"[0m;
  [90m47 |[0m [36mimport[0m { useUserPredictions } [36mfrom[0m [32m"@/hooks/use-user-predictions"[0m;
  [90m48 |[0m [36mimport[0m { useUserTransactions } [36mfrom[0m [32m"@/hooks/use-user-transactions"[0m;

Import map: aliased to relative './src/hooks/use-markets' inside of [project]/


Import trace:
  Server Component:
    ./src/app/PredictionDashboard.tsx
    ./src/app/dashboard/page.tsx

https://nextjs.org/docs/messages/module-not-found


./src/app/PredictionDashboard.tsx:47:1
Module not found: Can't resolve '@/hooks/use-user-predictions'
  [90m45 |[0m [36mimport[0m { useMarkets } [36mfrom[0m [32m"@/hooks/use-markets"[0m;
  [90m46 |[0m [36mimport[0m { useChamas } [36mfrom[0m [32m"@/hooks/use-chamas"[0m;
[31m[1m>[0m [90m47 |[0m [36mimport[0m { useUserPredictions } [36mfrom[0m 
[32m"@/hooks/use-user-predictions"[0m;
  [90m   |[0m [31m[1m^^^^^^^^^^^^^^^^^^^^^^^^^^^^^^^^^^^^^^^^^^^^^^^^^^^^^^^^^^^^^^^^^^[0m
  [90m48 |[0m [36mimport[0m { useUserTransactions } [36mfrom[0m [32m"@/hooks/use-user-transactions"[0m;
  [90m49 |[0m
  [90m50 |[0m [36minterface[0m [33mDashboardProps[0m {

Import map: aliased to relative './src/hooks/use-user-predictions' inside of [project]/


Import trace:
  Server Component:
    ./src/app/PredictionDashboard.tsx
    ./src/app/dashboard/page.tsx

https://nextjs.org/docs/messages/module-not-found


./src/app/PredictionDashboard.tsx:48:1
Module not found: Can't resolve '@/hooks/use-user-transactions'
  [90m46 |[0m [36mimport[0m { useChamas } [36mfrom[0m [32m"@/hooks/use-chamas"[0m;
  [90m47 |[0m [36mimport[0m { useUserPredictions } [36mfrom[0m [32m"@/hooks/use-user-predictions"[0m;
[31m[1m>[0m [90m48 |[0m [36mimport[0m { useUserTransactions } [36mfrom[0m 
[32m"@/hooks/use-user-transactions"[0m;
  [90m   |[0m [31m[1m^^^^^^^^^^^^^^^^^^^^^^^^^^^^^^^^^^^^^^^^^^^^^^^^^^^^^^^^^^^^^^^^^^^^[0m
  [90m49 |[0m
  [90m50 |[0m [36minterface[0m [33mDashboardProps[0m {
  [90m51 |[0m   [90m// Removed initial data props - now fetched via React Query[0m

Import map: aliased to relative './src/hooks/use-user-transactions' inside of [project]/


Import trace:
  Server Component:
    ./src/app/PredictionDashboard.tsx
    ./src/app/dashboard/page.tsx

https://nextjs.org/docs/messages/module-not-found


./src/app/PredictionDashboard.tsx:44:1
Module not found: Can't resolve '@/hooks/use-users'
  [90m42 |[0m [36mimport[0m [33mProfileSwitcher[0m [36mfrom[0m [32m"@/components/ProfileSwitcher"[0m;
  [90m43 |[0m [36mimport[0m [33mThemeToggle[0m [36mfrom[0m [32m"@/components/ThemeToggle"[0m;
[31m[1m>[0m [90m44 |[0m [36mimport[0m { useUsers } [36mfrom[0m [32m"@/hooks/use-users"[0m;
  [90m   |[0m [31m[1m^^^^^^^^^^^^^^^^^^^^^^^^^^^^^^^^^^^^^^^^^^^^^[0m
  [90m45 |[0m [36mimport[0m { useMarkets } [36mfrom[0m [32m"@/hooks/use-markets"[0m;
  [90m46 |[0m [36mimport[0m { useChamas } [36mfrom[0m [32m"@/hooks/use-chamas"[0m;
  [90m47 |[0m [36mimport[0m { useUserPredictions } [36mfrom[0m [32m"@/hooks/use-user-predictions"[0m;

Import map: aliased to relative './src/hooks/use-users' inside of [project]/


Import trace:
  Server Component:
    ./src/app/PredictionDashboard.tsx
    ./src/app/dashboard/page.tsx

https://nextjs.org/docs/messages/module-not-found


./src/lib/i18n-format.ts:5:1
Export IntlPluralRules doesn't exist in target module
  [90m3 |[0m
  [90m4 |[0m [36mimport[0m { [33mIntlRelativeFormat[0m } [36mfrom[0m 
[32m'@formatjs/intl-relativetimeformat'[0m;
[31m[1m>[0m [90m5 |[0m [36mimport[0m { [33mIntlPluralRules[0m } [36mfrom[0m 
[32m'@formatjs/intl-pluralrules'[0m;
  [90m  |[0m [31m[1m^^^^^^^^^^^^^^^^^^^^^^^^^^^^^^^^^^^^^^^^^^^^^^^^^^^^^^^^^^^^^[0m
  [90m6 |[0m
  [90m7 |[0m [90m// Use native Intl APIs for date and number formatting[0m
  [90m8 |[0m [90m// Cache for formatters per locale[0m

The export IntlPluralRules was not found in module [project]/node_modules/@formatjs/intl-pluralrules/index.js 
[app-client] (ecmascript).
Did you mean to import PluralRules?
All exports of the module are statically known (It doesn't have dynamic exports). So it's known statically that the 
requested export doesn't exist.

Import traces:
  Client Component Browser:
    ./src/lib/i18n-format.ts [Client Component Browser]
    ./src/app/mobile/MobileWalletScreen.tsx [Client Component Browser]
    ./src/app/mobile/page.tsx [Client Component Browser]
    ./src/app/mobile/page.tsx [Server Component]

  Client Component SSR:
    ./src/lib/i18n-format.ts [Client Component SSR]
    ./src/app/mobile/MobileWalletScreen.tsx [Client Component SSR]
    ./src/app/mobile/page.tsx [Client Component SSR]
    ./src/app/mobile/page.tsx [Server Component]


./src/lib/i18n-format.ts:5:1
Export IntlPluralRules doesn't exist in target module
  [90m3 |[0m
  [90m4 |[0m [36mimport[0m { [33mIntlRelativeFormat[0m } [36mfrom[0m 
[32m'@formatjs/intl-relativetimeformat'[0m;
[31m[1m>[0m [90m5 |[0m [36mimport[0m { [33mIntlPluralRules[0m } [36mfrom[0m 
[32m'@formatjs/intl-pluralrules'[0m;
  [90m  |[0m [31m[1m^^^^^^^^^^^^^^^^^^^^^^^^^^^^^^^^^^^^^^^^^^^^^^^^^^^^^^^^^^^^^[0m
  [90m6 |[0m
  [90m7 |[0m [90m// Use native Intl APIs for date and number formatting[0m
  [90m8 |[0m [90m// Cache for formatters per locale[0m

The export IntlPluralRules was not found in module [project]/node_modules/@formatjs/intl-pluralrules/index.js 
[app-ssr] (ecmascript).
Did you mean to import PluralRules?
All exports of the module are statically known (It doesn't have dynamic exports). So it's known statically that the 
requested export doesn't exist.

Import traces:
  Client Component Browser:
    ./src/lib/i18n-format.ts [Client Component Browser]
    ./src/app/mobile/MobileWalletScreen.tsx [Client Component Browser]
    ./src/app/mobile/page.tsx [Client Component Browser]
    ./src/app/mobile/page.tsx [Server Component]

  Client Component SSR:
    ./src/lib/i18n-format.ts [Client Component SSR]
    ./src/app/mobile/MobileWalletScreen.tsx [Client Component SSR]
    ./src/app/mobile/page.tsx [Client Component SSR]
    ./src/app/mobile/page.tsx [Server Component]


./src/lib/i18n-format.ts:4:1
Export IntlRelativeFormat doesn't exist in target module
  [90m2 |[0m [90m// Provides advanced formatting for relative time, date, number, and pluralization[0m
  [90m3 |[0m
[31m[1m>[0m [90m4 |[0m [36mimport[0m { [33mIntlRelativeFormat[0m } [36mfrom[0m 
[32m'@formatjs/intl-relativetimeformat'[0m;
  [90m  |[0m [31m[1m^^^^^^^^^^^^^^^^^^^^^^^^^^^^^^^^^^^^^^^^^^^^^^^^^^^^^^^^^^^^^^^^^^^^^^^[0m
  [90m5 |[0m [36mimport[0m { [33mIntlPluralRules[0m } [36mfrom[0m [32m'@formatjs/intl-pluralrules'[0m;
  [90m6 |[0m
  [90m7 |[0m [90m// Use native Intl APIs for date and number formatting[0m

The export IntlRelativeFormat was not found in module 
[project]/node_modules/@formatjs/intl-relativetimeformat/index.js [app-client] (ecmascript).
Did you mean to import default?
All exports of the module are statically known (It doesn't have dynamic exports). So it's known statically that the 
requested export doesn't exist.

Import traces:
  Client Component Browser:
    ./src/lib/i18n-format.ts [Client Component Browser]
    ./src/app/mobile/MobileWalletScreen.tsx [Client Component Browser]
    ./src/app/mobile/page.tsx [Client Component Browser]
    ./src/app/mobile/page.tsx [Server Component]

  Client Component SSR:
    ./src/lib/i18n-format.ts [Client Component SSR]
    ./src/app/mobile/MobileWalletScreen.tsx [Client Component SSR]
    ./src/app/mobile/page.tsx [Client Component SSR]
    ./src/app/mobile/page.tsx [Server Component]


./src/lib/i18n-format.ts:4:1
Export IntlRelativeFormat doesn't exist in target module
  [90m2 |[0m [90m// Provides advanced formatting for relative time, date, number, and pluralization[0m
  [90m3 |[0m
[31m[1m>[0m [90m4 |[0m [36mimport[0m { [33mIntlRelativeFormat[0m } [36mfrom[0m 
[32m'@formatjs/intl-relativetimeformat'[0m;
  [90m  |[0m [31m[1m^^^^^^^^^^^^^^^^^^^^^^^^^^^^^^^^^^^^^^^^^^^^^^^^^^^^^^^^^^^^^^^^^^^^^^^[0m
  [90m5 |[0m [36mimport[0m { [33mIntlPluralRules[0m } [36mfrom[0m [32m'@formatjs/intl-pluralrules'[0m;
  [90m6 |[0m
  [90m7 |[0m [90m// Use native Intl APIs for date and number formatting[0m

The export IntlRelativeFormat was not found in module 
[project]/node_modules/@formatjs/intl-relativetimeformat/index.js [app-ssr] (ecmascript).
Did you mean to import default?
All exports of the module are statically known (It doesn't have dynamic exports). So it's known statically that the 
requested export doesn't exist.

Import traces:
  Client Component Browser:
    ./src/lib/i18n-format.ts [Client Component Browser]
    ./src/app/mobile/MobileWalletScreen.tsx [Client Component Browser]
    ./src/app/mobile/page.tsx [Client Component Browser]
    ./src/app/mobile/page.tsx [Server Component]

  Client Component SSR:
    ./src/lib/i18n-format.ts [Client Component SSR]
    ./src/app/mobile/MobileWalletScreen.tsx [Client Component SSR]
    ./src/app/mobile/page.tsx [Client Component SSR]
    ./src/app/mobile/page.tsx [Server Component]


    at <unknown> (./src/app/api/users/route.ts:1:1)
    at <unknown> (https://nextjs.org/docs/messages/module-not-found)
    at <unknown> (./src/app/PredictionDashboard.tsx:46:1)
    at <unknown> (https://nextjs.org/docs/messages/module-not-found)
    at <unknown> (./src/app/PredictionDashboard.tsx:45:1)
    at <unknown> (https://nextjs.org/docs/messages/module-not-found)
    at <unknown> (./src/app/PredictionDashboard.tsx:47:1)
    at <unknown> (https://nextjs.org/docs/messages/module-not-found)
    at <unknown> (./src/app/PredictionDashboard.tsx:48:1)
    at <unknown> (https://nextjs.org/docs/messages/module-not-found)
    at <unknown> (./src/app/PredictionDashboard.tsx:44:1)
    at <unknown> (https://nextjs.org/docs/messages/module-not-found)
    at <unknown> (./src/lib/i18n-format.ts:5:1)
    at <unknown> (./src/lib/i18n-format.ts:5:1)
    at <unknown> (./src/lib/i18n-format.ts:4:1)
    at <unknown> (./src/lib/i18n-format.ts:4:1)
